[jogari.com/asif/maleeha/html/index.html]
[backblue.gif]
[fade.gif]
[index.html]
[jogari.com/asif/maleeha/html/favicon.png]
[jogari.com/asif/maleeha/html/img/logos/logo-default.png]
[jogari.com/asif/maleeha/html/images/dummy.png]
[jogari.com/asif/maleeha/html/img/banner-4.jpg]
[jogari.com/asif/maleeha/html/img/banner-6.jpg]
[jogari.com/asif/maleeha/html/img/about-img-1.jpg]
[jogari.com/asif/maleeha/html/img/about-img-2.jpg]
[jogari.com/asif/maleeha/html/img/about-img-3.jpg]
[jogari.com/asif/maleeha/html/img/portofolio/1.jpg]
[jogari.com/asif/maleeha/html/img/portofolio/2.jpg]
[jogari.com/asif/maleeha/html/img/portofolio/3.jpg]
[jogari.com/asif/maleeha/html/img/portofolio/4.jpg]
[jogari.com/asif/maleeha/html/img/portofolio/5.jpg]
[jogari.com/asif/maleeha/html/img/portofolio/6.jpg]
[jogari.com/asif/maleeha/html/blog-details.html]
[jogari.com/asif/maleeha/html/img/blog/1.jpg]
[jogari.com/asif/maleeha/html/img/blog/2.jpg]
[jogari.com/asif/maleeha/html/img/blog/3.jpg]
[jogari.com/asif/maleeha/html/img/testimonial-1.jpg]
[jogari.com/asif/maleeha/html/img/company-logo/1.png]
[jogari.com/asif/maleeha/html/img/company-logo/2.png]
[jogari.com/asif/maleeha/html/img/company-logo/3.png]
[jogari.com/asif/maleeha/html/img/company-logo/4.png]
[jogari.com/asif/maleeha/html/img/company-logo/5.png]
[jogari.com/asif/maleeha/html/img/company-logo/6.png]
[jogari.com/asif/maleeha/html/img/company-logo/7.png]
[jogari.com/asif/maleeha/html/img/company-logo/8.png]
[jogari.com/asif/maleeha/html/js/classie.js]
[jogari.com/asif/maleeha/html/js/modernizr.custom.js]
[jogari.com/asif/maleeha/html/js/jquery.js]
[jogari.com/asif/maleeha/html/js/jquery-2.1.4.min.js]
[jogari.com/asif/maleeha/html/js/owl.carousel.min.js]
[jogari.com/asif/maleeha/html/js/bootstrap.min.js]
[jogari.com/asif/maleeha/html/js/imagesloaded.pkgd.min.js]
[jogari.com/asif/maleeha/html/js/isotope.pkgd.min.js]
[jogari.com/asif/maleeha/html/js/jquery.fancybox.js]
[jogari.com/asif/maleeha/html/js/jquery.magnific-popup.min.js]
[jogari.com/asif/maleeha/html/js/counter.js]
[jogari.com/asif/maleeha/html/js/plugin.js]
[jogari.com/asif/maleeha/html/rs-plugin/js/jquery.themepunch.tools.min.js]
[jogari.com/asif/maleeha/html/rs-plugin/js/jquery.themepunch.revolution.min.js]
[jogari.com/asif/maleeha/html/js/init.js]
[jogari.com/asif/maleeha/html/index.html]
[jogari.com/asif/maleeha/html/css/font/xcon81588158.eot]
[jogari.com/asif/maleeha/html/css/font/xcon81588158.woff2]
[jogari.com/asif/maleeha/html/css/font/xcon81588158.woff]
[jogari.com/asif/maleeha/html/css/font/xcon81588158.ttf]
[jogari.com/asif/maleeha/html/css/overlays/02.html]
[jogari.com/asif/maleeha/html/css/ytp-regular.html]
[jogari.com/asif/maleeha/html/css/ytp-regular-2.html]
[jogari.com/asif/maleeha/html/images/raster.html]
[jogari.com/asif/maleeha/html/images/raster@2x.html]
[jogari.com/asif/maleeha/html/images/raster_dot.41.delayed]
[jogari.com/asif/maleeha/html/images/raster_dot@2x.42.delayed]
[jogari.com/asif/maleeha/html/css/plugins.css]
[jogari.com/asif/maleeha/html/fonts/glyphicons-halflings-regular.43.delayed]
[jogari.com/asif/maleeha/html/fonts/glyphicons-halflings-regular.44d41d.delayed]
[jogari.com/asif/maleeha/html/fonts/glyphicons-halflings-regular.45.delayed]
[jogari.com/asif/maleeha/html/fonts/glyphicons-halflings-regular.46.delayed]
[jogari.com/asif/maleeha/html/fonts/glyphicons-halflings-regular.47.delayed]
[jogari.com/asif/maleeha/html/fonts/glyphicons-halflings-regular.48.delayed]
[jogari.com/asif/maleeha/html/css/bootstrap.min.css]
[jogari.com/asif/maleeha/html/fonts/Flaticon.49.delayed]
[jogari.com/asif/maleeha/html/fonts/Flaticond41d.4ad41d.delayed]
[jogari.com/asif/maleeha/html/fonts/Flaticon.woff2]
[jogari.com/asif/maleeha/html/fonts/Flaticon.4c.delayed]
[jogari.com/asif/maleeha/html/fonts/Flaticon.ttf]
[jogari.com/asif/maleeha/html/fonts/Flaticon.4e.delayed]
[jogari.com/asif/maleeha/html/css/flaticon.css]
[jogari.com/asif/maleeha/html/fonts/fontawesome-webfont.4f5b62.delayed]
[jogari.com/asif/maleeha/html/fonts/fontawesome-webfont.50d41d.delayed]
[jogari.com/asif/maleeha/html/fonts/fontawesome-webfont5b62.woff2]
[jogari.com/asif/maleeha/html/fonts/fontawesome-webfont.525b62.delayed]
[jogari.com/asif/maleeha/html/fonts/fontawesome-webfont5b62.ttf]
[jogari.com/asif/maleeha/html/fonts/fontawesome-webfont.545b62.delayed]
[jogari.com/asif/maleeha/html/css/font-awesome.css]
[jogari.com/asif/maleeha/html/css/owl.video.play.55.delayed]
[jogari.com/asif/maleeha/html/css/owl.css]
[jogari.com/asif/maleeha/html/img/fancybox_sprite.png]
[jogari.com/asif/maleeha/html/img/fancybox_loading.gif]
[jogari.com/asif/maleeha/html/img/blank.58.delayed]
[jogari.com/asif/maleeha/html/img/fancybox_overlay.png]
[jogari.com/asif/maleeha/html/img/fancybox_sprite@2x.png]
[jogari.com/asif/maleeha/html/img/fancybox_loading@2x.5b.delayed]
[jogari.com/asif/maleeha/html/css/jquery.fancybox.css]
[jogari.com/asif/maleeha/html/css/magnific-popup.css]
[jogari.com/asif/maleeha/html/css/effect.css]
[jogari.com/asif/maleeha/html/img/bg4.png]
[jogari.com/asif/maleeha/html/img/shap2.png]
[jogari.com/asif/maleeha/html/img/shap-1.png]
[jogari.com/asif/maleeha/html/img/shap-3.png]
[jogari.com/asif/maleeha/html/img/banner-7.jpg]
[jogari.com/asif/maleeha/html/img/choose-bg.jpg]
[jogari.com/asif/maleeha/html/img/team/team-1.jpg]
[jogari.com/asif/maleeha/html/img/team/team-2.jpg]
[jogari.com/asif/maleeha/html/img/team/team-3.jpg]
[jogari.com/asif/maleeha/html/img/banner-8.jpg]
[jogari.com/asif/maleeha/html/img/banner.jpg]
[jogari.com/asif/maleeha/html/img/counter-bg.jpg]
[jogari.com/asif/maleeha/html/img/hero/2.jpg]
[jogari.com/asif/maleeha/html/css/style.css]
[jogari.com/asif/maleeha/html/css/responsive.css]
[jogari.com/asif/maleeha/html/rs-plugin/images/gradient/g30.png]
[jogari.com/asif/maleeha/html/rs-plugin/images/gradient/g40.png]
[jogari.com/asif/maleeha/html/rs-plugin/assets/shadow1.6b.delayed]
[jogari.com/asif/maleeha/html/rs-plugin/assets/shadow2.6c.delayed]
[jogari.com/asif/maleeha/html/rs-plugin/assets/shadow3.6d.delayed]
[jogari.com/asif/maleeha/html/rs-plugin/assets/gridtile.6e.delayed]
[jogari.com/asif/maleeha/html/rs-plugin/assets/gridtile_white.6f.delayed]
[jogari.com/asif/maleeha/html/rs-plugin/assets/gridtile_3x3.70.delayed]
[jogari.com/asif/maleeha/html/rs-plugin/assets/gridtile_3x3_white.71.delayed]
[jogari.com/asif/maleeha/html/rs-plugin/assets/boxed_bgtile.72.delayed]
[jogari.com/asif/maleeha/html/rs-plugin/assets/navigdots_bgtile.73.delayed]
[jogari.com/asif/maleeha/html/rs-plugin/assets/bullet.74.delayed]
[jogari.com/asif/maleeha/html/rs-plugin/assets/bullets.75.delayed]
[jogari.com/asif/maleeha/html/rs-plugin/assets/bullets2.76.delayed]
[jogari.com/asif/maleeha/html/rs-plugin/assets/bullet_boxed.77.delayed]
[jogari.com/asif/maleeha/html/rs-plugin/assets/navigdots.78.delayed]
[jogari.com/asif/maleeha/html/rs-plugin/assets/large_left.79.delayed]
[jogari.com/asif/maleeha/html/rs-plugin/assets/large_right.7a.delayed]
[jogari.com/asif/maleeha/html/rs-plugin/assets/small_left.7b.delayed]
[jogari.com/asif/maleeha/html/rs-plugin/assets/small_right.7c.delayed]
[jogari.com/asif/maleeha/html/rs-plugin/assets/arrow_left.7d.delayed]
[jogari.com/asif/maleeha/html/rs-plugin/assets/arrow_right.7e.delayed]
[jogari.com/asif/maleeha/html/rs-plugin/assets/small_left_boxed.7f.delayed]
[jogari.com/asif/maleeha/html/rs-plugin/assets/small_right_boxed.80.delayed]
[jogari.com/asif/maleeha/html/rs-plugin/assets/arrowleft.81.delayed]
[jogari.com/asif/maleeha/html/rs-plugin/assets/arrowright.82.delayed]
[jogari.com/asif/maleeha/html/rs-plugin/assets/arrow_left2.83.delayed]
[jogari.com/asif/maleeha/html/rs-plugin/assets/arrow_right2.84.delayed]
[jogari.com/asif/maleeha/html/rs-plugin/assets/timer.png]
[jogari.com/asif/maleeha/html/rs-plugin/assets/coloredbg.png]
[jogari.com/asif/maleeha/html/rs-plugin/assets/loader.gif]
[jogari.com/asif/maleeha/html/rs-plugin/font/revicons90c6.eot]
[jogari.com/asif/maleeha/html/rs-plugin/font/revicons.8990c6.delayed]
[jogari.com/asif/maleeha/html/rs-plugin/font/revicons.8a90c6.delayed]
[jogari.com/asif/maleeha/html/rs-plugin/font/revicons90c6.8b90c6.delayed]
[jogari.com/asif/maleeha/html/rs-plugin/css/settings.css]
[jogari.com/asif/maleeha/html/rs-plugin/css/custom-style.css]
[jogari.com/asif/maleeha/html/css/font/xcon81588158.svg]
[jogari.com/asif/maleeha/html/css/overlays/02.html]
[jogari.com/asif/maleeha/html/css/ytp-regular.html]
[jogari.com/asif/maleeha/html/css/ytp-regular-2.html]
[jogari.com/asif/maleeha/html/images/dummy.html]
[jogari.com/asif/maleeha/html/blog-details.html]
[jogari.com/asif/maleeha/html/images/raster.html]
[jogari.com/asif/maleeha/html/images/raster@2x.html]
[jogari.com/asif/maleeha/html/fonts/Flaticon-3.html]
[jogari.com/asif/maleeha/html/fonts/fontawesome-webfont5b62-3.html]
[jogari.com/asif/maleeha/html/img/fancybox_loading.html]
[jogari.com/asif/maleeha/html/img/fancybox_sprite@2x.html]
[jogari.com/asif/maleeha/html/img/banner.html]
[jogari.com/asif/maleeha/html/img/hero/2.html]
[jogari.com/asif/maleeha/html/rs-plugin/images/gradient/g30.html]
[jogari.com/asif/maleeha/html/rs-plugin/images/gradient/g40.html]
[jogari.com/asif/maleeha/html/rs-plugin/assets/coloredbg.html]
[jogari.com/asif/maleeha/html/rs-plugin/font/revicons90c6.html]
[jogari.com/asif/maleeha/html/images/dummy.html]
[jogari.com/asif/maleeha/html/blog-details.html]
[jogari.com/asif/maleeha/html/images/raster.html]
[jogari.com/asif/maleeha/html/images/raster@2x.html]
[jogari.com/asif/maleeha/html/fonts/Flaticon-3.html]
[jogari.com/asif/maleeha/html/fonts/fontawesome-webfont5b62-3.html]
[jogari.com/asif/maleeha/html/img/fancybox_loading.html]
[jogari.com/asif/maleeha/html/img/fancybox_sprite@2x.html]
[jogari.com/asif/maleeha/html/img/banner.html]
[jogari.com/asif/maleeha/html/img/hero/2.html]
[jogari.com/asif/maleeha/html/rs-plugin/images/gradient/g30.html]
[jogari.com/asif/maleeha/html/images/dummy.html]
[jogari.com/asif/maleeha/html/blog-details.html]
[jogari.com/asif/maleeha/html/images/raster.html]
[jogari.com/asif/maleeha/html/images/raster@2x.html]
[jogari.com/asif/maleeha/html/images/raster_dot.html]
[jogari.com/asif/maleeha/html/images/raster_dot@2x.html]
[jogari.com/asif/maleeha/html/fonts/glyphicons-halflings-regular.html]
[jogari.com/asif/maleeha/html/fonts/glyphicons-halflings-regulard41d.html]
[jogari.com/asif/maleeha/html/fonts/glyphicons-halflings-regular-2.html]
[jogari.com/asif/maleeha/html/fonts/glyphicons-halflings-regular-3.html]
[jogari.com/asif/maleeha/html/fonts/glyphicons-halflings-regular-4.html]
[jogari.com/asif/maleeha/html/fonts/glyphicons-halflings-regular-5.html]
[jogari.com/asif/maleeha/html/fonts/Flaticon.html]
[jogari.com/asif/maleeha/html/fonts/Flaticond41dd41d.html]
[jogari.com/asif/maleeha/html/fonts/Flaticon-2.html]
[jogari.com/asif/maleeha/html/fonts/Flaticon-3.html]
[jogari.com/asif/maleeha/html/fonts/Flaticon-4.html]
[jogari.com/asif/maleeha/html/fonts/fontawesome-webfont5b62.html]
[jogari.com/asif/maleeha/html/fonts/fontawesome-webfontd41d.html]
[jogari.com/asif/maleeha/html/fonts/fontawesome-webfont5b62-2.html]
[jogari.com/asif/maleeha/html/fonts/fontawesome-webfont5b62-3.html]
[jogari.com/asif/maleeha/html/fonts/fontawesome-webfont5b62-4.html]
[jogari.com/asif/maleeha/html/css/owl.video.play.html]
[jogari.com/asif/maleeha/html/img/fancybox_loading.html]
[jogari.com/asif/maleeha/html/img/blank.html]
[jogari.com/asif/maleeha/html/img/fancybox_sprite@2x.html]
[jogari.com/asif/maleeha/html/img/fancybox_loading@2x.html]
[jogari.com/asif/maleeha/html/img/banner.html]
[jogari.com/asif/maleeha/html/img/hero/2.html]
[jogari.com/asif/maleeha/html/rs-plugin/images/gradient/g30.html]
[jogari.com/asif/maleeha/html/rs-plugin/images/gradient/g40.html]
[jogari.com/asif/maleeha/html/rs-plugin/images/gradient/g40.html]
[jogari.com/asif/maleeha/html/rs-plugin/assets/shadow1.html]
[jogari.com/asif/maleeha/html/rs-plugin/assets/shadow2.html]
[jogari.com/asif/maleeha/html/rs-plugin/assets/shadow3.html]
[jogari.com/asif/maleeha/html/rs-plugin/assets/gridtile.html]
[jogari.com/asif/maleeha/html/rs-plugin/assets/gridtile_white.html]
[jogari.com/asif/maleeha/html/rs-plugin/assets/gridtile_3x3.html]
[jogari.com/asif/maleeha/html/rs-plugin/assets/gridtile_3x3_white.html]
[jogari.com/asif/maleeha/html/rs-plugin/assets/boxed_bgtile.html]
[jogari.com/asif/maleeha/html/rs-plugin/assets/navigdots_bgtile.html]
[jogari.com/asif/maleeha/html/rs-plugin/assets/bullet.html]
[jogari.com/asif/maleeha/html/rs-plugin/assets/bullets.html]
[jogari.com/asif/maleeha/html/rs-plugin/assets/bullets2.html]
[jogari.com/asif/maleeha/html/rs-plugin/assets/bullet_boxed.html]
[jogari.com/asif/maleeha/html/rs-plugin/assets/navigdots.html]
[jogari.com/asif/maleeha/html/rs-plugin/assets/large_left.html]
[jogari.com/asif/maleeha/html/rs-plugin/assets/large_right.html]
[jogari.com/asif/maleeha/html/rs-plugin/assets/small_left.html]
[jogari.com/asif/maleeha/html/rs-plugin/assets/small_right.html]
[jogari.com/asif/maleeha/html/rs-plugin/assets/arrow_left.html]
[jogari.com/asif/maleeha/html/rs-plugin/assets/arrow_right.html]
[jogari.com/asif/maleeha/html/rs-plugin/assets/small_left_boxed.html]
[jogari.com/asif/maleeha/html/rs-plugin/assets/small_right_boxed.html]
[jogari.com/asif/maleeha/html/rs-plugin/assets/arrowleft.html]
[jogari.com/asif/maleeha/html/rs-plugin/assets/arrowright.html]
[jogari.com/asif/maleeha/html/rs-plugin/assets/arrow_left2.html]
[jogari.com/asif/maleeha/html/rs-plugin/assets/arrow_right2.html]
[jogari.com/asif/maleeha/html/rs-plugin/assets/coloredbg.html]
[jogari.com/asif/maleeha/html/rs-plugin/font/revicons90c6.html]
[jogari.com/asif/maleeha/html/rs-plugin/assets/coloredbg.html]
[jogari.com/asif/maleeha/html/rs-plugin/font/revicons90c6.html]
[jogari.com/asif/maleeha/html/rs-plugin/font/revicons90c6-2.html]
[jogari.com/asif/maleeha/html/rs-plugin/font/revicons90c6-3.html]
[jogari.com/asif/maleeha/html/rs-plugin/font/revicons90c690c6.html]
[integrothemes.com/wp-includes/js/jquery/jquery.js]
[integrothemes.com/wp-content/plugins/mojo-marketplace-wp-plugin/images/cs-bluehost-bg.jpg]
